// Jest Snapshot v1, https://goo.gl/fbAQLP

exports[`<NotFoundPage /> should match snapshot 1`] = `
Array [
  "4",
  <span
    aria-label="Crying Face"
    role="img"
  >
    ðŸ˜¢
  </span>,
  "4",
  <p>
    Page not found.
  </p>,
]
`;
